Traceback (most recent call last):
  File "binned2d.py", line 25, in ?
    hep.root.create("binned2d.root")["testhist"] = histogram
  File "/home/samuel/dev/pyhep/py/hep/fs.py", line 134, in __setitem__
    subdir.__set(key, value)
  File "/home/samuel/dev/pyhep/py/hep/fs.py", line 441, in __set
    self._set(key, value, **kw_args)
  File "/home/samuel/dev/pyhep/py/hep/root/__init__.py", line 250, in _set
    tkey = self.__getTKey(key)
  File "/home/samuel/dev/pyhep/py/hep/root/__init__.py", line 262, in __getTKey
    return _cast(key)
  File "/home/samuel/dev/pyhep/py/hep/root/__init__.py", line 600, in _cast
    parts = object.this.split("_")
AttributeError: 'PySwigObject' object has no attribute 'split'
