Traceback (most recent call last):
  File "table2.py", line 16, in ?
    bar = root_file.mkdir("foo/bar")
  File "/home/samuel/dev/pyhep/py/hep/fs.py", line 355, in mkdir
    subdir, key = self._splitdir(path, **kw_args)
  File "/home/samuel/dev/pyhep/py/hep/fs.py", line 477, in _splitdir
    subdir = subdir.setdefault(dir_key, {}, **kw_args)
  File "/home/samuel/dev/pyhep/py/hep/fs.py", line 379, in setdefault
    subdir.__set(key, default, **kw_args)
  File "/home/samuel/dev/pyhep/py/hep/fs.py", line 441, in __set
    self._set(key, value, **kw_args)
  File "/home/samuel/dev/pyhep/py/hep/root/__init__.py", line 226, in _set
    tkey = self.__getTKey(key)
  File "/home/samuel/dev/pyhep/py/hep/root/__init__.py", line 262, in __getTKey
    return _cast(key)
  File "/home/samuel/dev/pyhep/py/hep/root/__init__.py", line 600, in _cast
    parts = object.this.split("_")
AttributeError: 'PySwigObject' object has no attribute 'split'
