2.71828182846
3.14159265359
abs(i1)
abs(i2)
abs(f1)
acos(f1)
asin(f2 / 4)
atan(i1)
atan2(f1, f2)
ceil(f1)
cos(i1)
cosh(i1)
exp(i2)
floor(f1)
gaussian(f1, f2, i2)
get_bit(i1, 1)
get_bit(i1, 2)
hypot(i1, i2)
hypot(i1, i2, f1)
in_range(i2, 0, i1)
in_range(i2, -(6), i1)
in_range(f1, f2, i1)
in_range(i2, f2, f1)
log(i1)
max(i1, i2)
max(f1, f2)
min(i1, i2, 10, 20)
min(-(17.0), f1, f2, 10)
near(40, 3, i1)
near(0, 1, f2)
sin(i1)
sinh(i2)
sqrt(f1)
tan(f2)
tanh(f2)
