Histogram(UnevenlyBinnedAxis([0.0, 0.20000000000000001, 1.0]), UnevenlyBinnedAxis([0.0, 0.5, 0.59999999999999998, 1.0]), bin_type=int, error_model='poisson')
