instances of Table: 
0x2a9876b5e0 0x2a9876b5e0 (1 refs)
0x2a9876b780 0x2a9876b780 (2000 refs)

