Schema(count='int16', length='float32')
Schema(x='int32')
